interactions:
- request:
    body: null
    headers:
      Accept:
      - '*/*'
      Accept-Encoding:
      - gzip, deflate
      Connection:
      - keep-alive
      User-Agent:
      - python-requests/2.27.1
    method: GET
    uri: https://api.waqi.info/feed//london/?token=DUMMY_TOKEN
  response:
    body:
      string: ''
    headers:
      Connection:
      - keep-alive
      Content-Length:
      - '0'
      Date:
      - Mon, 23 May 2022 07:10:44 GMT
      Location:
      - /feed/london/?token=DUMMY_TOKEN
      Server:
      - nginx
    status:
      code: 301
      message: Moved Permanently
- request:
    body: null
    headers:
      Accept:
      - '*/*'
      Accept-Encoding:
      - gzip, deflate
      Connection:
      - keep-alive
      User-Agent:
      - python-requests/2.27.1
    method: GET
    uri: https://api.waqi.info/feed/london/?token=DUMMY_TOKEN
  response:
    body:
      string: '{"status":"ok","data":{"aqi":34,"idx":5724,"attributions":[{"url":"http://uk-air.defra.gov.uk/","name":"UK-AIR,
        air quality information resource - Defra, UK","logo":"UK-Department-for-environment-food-and-rural-affairs.png"},{"url":"https://londonair.org.uk/","name":"London
        Air Quality Network - Environmental Research Group, King''s College London","logo":"UK-London-Kings-College.png"},{"url":"https://waqi.info/","name":"World
        Air Quality Index Project"}],"city":{"geo":[51.5073509,-0.1277583],"name":"London","url":"https://aqicn.org/city/london","location":""},"dominentpol":"pm25","iaqi":{"co":{"v":1.9},"h":{"v":73.5},"no2":{"v":12.4},"o3":{"v":13.9},"p":{"v":1003.7},"pm10":{"v":17},"pm25":{"v":34},"so2":{"v":3.1},"t":{"v":14.7},"w":{"v":1.2}},"time":{"s":"2022-05-23
        06:00:00","tz":"+01:00","v":1653285600,"iso":"2022-05-23T06:00:00+01:00"},"forecast":{"daily":{"o3":[{"avg":23,"day":"2022-05-21","max":36,"min":15},{"avg":22,"day":"2022-05-22","max":39,"min":2},{"avg":19,"day":"2022-05-23","max":31,"min":2},{"avg":23,"day":"2022-05-24","max":32,"min":14},{"avg":21,"day":"2022-05-25","max":32,"min":12},{"avg":17,"day":"2022-05-26","max":17,"min":15}],"pm10":[{"avg":13,"day":"2022-05-21","max":17,"min":10},{"avg":15,"day":"2022-05-22","max":23,"min":7},{"avg":14,"day":"2022-05-23","max":21,"min":6},{"avg":6,"day":"2022-05-24","max":9,"min":4},{"avg":10,"day":"2022-05-25","max":13,"min":7},{"avg":14,"day":"2022-05-26","max":15,"min":14}],"pm25":[{"avg":32,"day":"2022-05-21","max":38,"min":23},{"avg":40,"day":"2022-05-22","max":63,"min":22},{"avg":42,"day":"2022-05-23","max":66,"min":18},{"avg":20,"day":"2022-05-24","max":28,"min":12},{"avg":25,"day":"2022-05-25","max":35,"min":17},{"avg":44,"day":"2022-05-26","max":44,"min":39}],"uvi":[{"avg":1,"day":"2022-05-21","max":3,"min":0},{"avg":1,"day":"2022-05-22","max":5,"min":0},{"avg":0,"day":"2022-05-23","max":2,"min":0},{"avg":1,"day":"2022-05-24","max":3,"min":0},{"avg":1,"day":"2022-05-25","max":2,"min":0},{"avg":1,"day":"2022-05-26","max":5,"min":0},{"avg":1,"day":"2022-05-27","max":7,"min":0}]}},"debug":{"sync":"2022-05-23T15:40:58+09:00"}}}'
    headers:
      Access-Control-Allow-Origin:
      - '*'
      Connection:
      - keep-alive
      Content-Type:
      - application/json; charset=UTF-8
      Date:
      - Mon, 23 May 2022 07:10:45 GMT
      Server:
      - nginx
      Transfer-Encoding:
      - chunked
      Vary:
      - Accept-Encoding
      X-Gen-Time:
      - "115.102\xC2\xB5s"
      X-Powered-By:
      - rxstreamer-waqi/1.3
      content-length:
      - '2124'
    status:
      code: 200
      message: OK
- request:
    body: null
    headers:
      Accept:
      - '*/*'
      Accept-Encoding:
      - gzip, deflate
      Connection:
      - keep-alive
      User-Agent:
      - python-requests/2.27.1
    method: GET
    uri: https://api.waqi.info/feed//paris/?token=DUMMY_TOKEN
  response:
    body:
      string: ''
    headers:
      Connection:
      - keep-alive
      Content-Length:
      - '0'
      Date:
      - Mon, 23 May 2022 07:10:45 GMT
      Location:
      - /feed/paris/?token=DUMMY_TOKEN
      Server:
      - nginx
    status:
      code: 301
      message: Moved Permanently
- request:
    body: null
    headers:
      Accept:
      - '*/*'
      Accept-Encoding:
      - gzip, deflate
      Connection:
      - keep-alive
      User-Agent:
      - python-requests/2.27.1
    method: GET
    uri: https://api.waqi.info/feed/paris/?token=DUMMY_TOKEN
  response:
    body:
      string: "{\"status\":\"ok\",\"data\":{\"aqi\":29,\"idx\":5722,\"attributions\":[{\"url\":\"https://www.airparif.asso.fr/\",\"name\":\"AirParif
        - Association de surveillance de la qualit\xE9 de l'air en \xCEle-de-France\",\"logo\":\"Paris-Air-Parif.png\"},{\"url\":\"http://www.eea.europa.eu/themes/air/\",\"name\":\"European
        Environment Agency\",\"logo\":\"Europe-EEA.png\"},{\"url\":\"https://waqi.info/\",\"name\":\"World
        Air Quality Index Project\"}],\"city\":{\"geo\":[48.856614,2.3522219],\"name\":\"Paris\",\"url\":\"https://aqicn.org/city/paris\",\"location\":\"\"},\"dominentpol\":\"pm25\",\"iaqi\":{\"co\":{\"v\":0.1},\"h\":{\"v\":86},\"no2\":{\"v\":17.8},\"o3\":{\"v\":24.3},\"p\":{\"v\":1001.7},\"pm10\":{\"v\":15},\"pm25\":{\"v\":29},\"so2\":{\"v\":0.6},\"t\":{\"v\":17.2},\"w\":{\"v\":0.7}},\"time\":{\"s\":\"2022-05-23
        05:00:00\",\"tz\":\"+02:00\",\"v\":1653282000,\"iso\":\"2022-05-23T05:00:00+02:00\"},\"forecast\":{\"daily\":{\"o3\":[{\"avg\":23,\"day\":\"2022-05-22\",\"max\":37,\"min\":8},{\"avg\":21,\"day\":\"2022-05-23\",\"max\":34,\"min\":15},{\"avg\":24,\"day\":\"2022-05-24\",\"max\":30,\"min\":20},{\"avg\":21,\"day\":\"2022-05-25\",\"max\":34,\"min\":10},{\"avg\":22,\"day\":\"2022-05-26\",\"max\":22,\"min\":15}],\"pm10\":[{\"avg\":14,\"day\":\"2022-05-22\",\"max\":16,\"min\":9},{\"avg\":14,\"day\":\"2022-05-23\",\"max\":22,\"min\":7},{\"avg\":7,\"day\":\"2022-05-24\",\"max\":10,\"min\":5},{\"avg\":10,\"day\":\"2022-05-25\",\"max\":16,\"min\":5},{\"avg\":9,\"day\":\"2022-05-26\",\"max\":11,\"min\":9}],\"pm25\":[{\"avg\":40,\"day\":\"2022-05-22\",\"max\":53,\"min\":25},{\"avg\":41,\"day\":\"2022-05-23\",\"max\":62,\"min\":21},{\"avg\":22,\"day\":\"2022-05-24\",\"max\":32,\"min\":13},{\"avg\":30,\"day\":\"2022-05-25\",\"max\":52,\"min\":14},{\"avg\":24,\"day\":\"2022-05-26\",\"max\":30,\"min\":24}],\"uvi\":[{\"avg\":1,\"day\":\"2022-05-22\",\"max\":4,\"min\":0},{\"avg\":0,\"day\":\"2022-05-23\",\"max\":3,\"min\":0},{\"avg\":1,\"day\":\"2022-05-24\",\"max\":5,\"min\":0},{\"avg\":1,\"day\":\"2022-05-25\",\"max\":5,\"min\":0},{\"avg\":1,\"day\":\"2022-05-26\",\"max\":5,\"min\":0},{\"avg\":1,\"day\":\"2022-05-27\",\"max\":3,\"min\":0}]}},\"debug\":{\"sync\":\"2022-05-23T15:45:06+09:00\"}}}"
    headers:
      Access-Control-Allow-Origin:
      - '*'
      Connection:
      - keep-alive
      Content-Type:
      - application/json; charset=UTF-8
      Date:
      - Mon, 23 May 2022 07:10:45 GMT
      Server:
      - nginx
      Transfer-Encoding:
      - chunked
      Vary:
      - Accept-Encoding
      X-Gen-Time:
      - "156.094\xC2\xB5s"
      X-Powered-By:
      - rxstreamer-waqi/1.3
      content-length:
      - '1867'
    status:
      code: 200
      message: OK
- request:
    body: null
    headers:
      Accept:
      - '*/*'
      Accept-Encoding:
      - gzip, deflate
      Connection:
      - keep-alive
      User-Agent:
      - python-requests/2.27.1
    method: GET
    uri: https://api.waqi.info/feed//a%20definitely%20nonexistent%20city/?token=DUMMY_TOKEN
  response:
    body:
      string: ''
    headers:
      Connection:
      - keep-alive
      Content-Length:
      - '0'
      Date:
      - Mon, 23 May 2022 07:10:45 GMT
      Location:
      - /feed/a%20definitely%20nonexistent%20city/?token=DUMMY_TOKEN
      Server:
      - nginx
    status:
      code: 301
      message: Moved Permanently
- request:
    body: null
    headers:
      Accept:
      - '*/*'
      Accept-Encoding:
      - gzip, deflate
      Connection:
      - keep-alive
      User-Agent:
      - python-requests/2.27.1
    method: GET
    uri: https://api.waqi.info/feed/a%20definitely%20nonexistent%20city/?token=DUMMY_TOKEN
  response:
    body:
      string: '{"status":"error","data":"Unknown station"}'
    headers:
      Access-Control-Allow-Origin:
      - '*'
      Connection:
      - keep-alive
      Content-Type:
      - application/json; charset=UTF-8
      Date:
      - Mon, 23 May 2022 07:10:45 GMT
      Server:
      - nginx
      Transfer-Encoding:
      - chunked
      Vary:
      - Accept-Encoding
      X-Gen-Time:
      - "134.602\xC2\xB5s"
      X-Powered-By:
      - rxstreamer-waqi/1.3
      content-length:
      - '43'
    status:
      code: 200
      message: OK
version: 1
